// Vitest Snapshot v1, https://vitest.dev/guide/snapshot.html

exports[`Avatar > renders with alt correctly 1`] = `"<span class="inline-flex items-center justify-center shrink-0 select-none rounded-full align-middle bg-elevated size-8 text-base"><span class="font-medium leading-none text-muted truncate">BC</span></span>"`;

exports[`Avatar > renders with as correctly 1`] = `"<section class="inline-flex items-center justify-center shrink-0 select-none rounded-full align-middle bg-elevated size-8 text-base"><span class="font-medium leading-none text-muted truncate">&nbsp;</span></section>"`;

exports[`Avatar > renders with chip correctly 1`] = `"<span class="relative inline-flex items-center justify-center shrink-0 select-none rounded-full align-middle bg-elevated size-8 text-base"><span class="font-medium leading-none text-muted truncate">&nbsp;</span><span class="rounded-full ring ring-bg flex items-center justify-center text-inverted font-medium whitespace-nowrap bg-primary h-[8px] min-w-[8px] text-[8px] top-0 right-0 absolute">1</span></span>"`;

exports[`Avatar > renders with class correctly 1`] = `"<span class="inline-flex items-center justify-center shrink-0 select-none rounded-full align-middle size-8 text-base bg-default"><span class="font-medium leading-none text-muted truncate">&nbsp;</span></span>"`;

exports[`Avatar > renders with default slot correctly 1`] = `"<span class="inline-flex items-center justify-center shrink-0 select-none rounded-full align-middle bg-elevated size-8 text-base">ðŸ‡«ðŸ‡·</span>"`;

exports[`Avatar > renders with icon correctly 1`] = `"<span class="inline-flex items-center justify-center shrink-0 select-none rounded-full align-middle bg-elevated size-8 text-base"><span class="iconify i-lucide:image text-muted shrink-0" aria-hidden="true"></span></span>"`;

exports[`Avatar > renders with size 2xl correctly 1`] = `"<span class="inline-flex items-center justify-center shrink-0 select-none rounded-full align-middle bg-elevated size-11 text-[22px]"><img role="img" src="https://github.com/benjamincanac.png" width="44" height="44" class="h-full w-full rounded-[inherit] object-cover"></span>"`;

exports[`Avatar > renders with size 2xs correctly 1`] = `"<span class="inline-flex items-center justify-center shrink-0 select-none rounded-full align-middle bg-elevated size-5 text-[10px]"><img role="img" src="https://github.com/benjamincanac.png" width="20" height="20" class="h-full w-full rounded-[inherit] object-cover"></span>"`;

exports[`Avatar > renders with size 3xl correctly 1`] = `"<span class="inline-flex items-center justify-center shrink-0 select-none rounded-full align-middle bg-elevated size-12 text-2xl"><img role="img" src="https://github.com/benjamincanac.png" width="48" height="48" class="h-full w-full rounded-[inherit] object-cover"></span>"`;

exports[`Avatar > renders with size 3xs correctly 1`] = `"<span class="inline-flex items-center justify-center shrink-0 select-none rounded-full align-middle bg-elevated size-4 text-[8px]"><img role="img" src="https://github.com/benjamincanac.png" width="16" height="16" class="h-full w-full rounded-[inherit] object-cover"></span>"`;

exports[`Avatar > renders with size lg correctly 1`] = `"<span class="inline-flex items-center justify-center shrink-0 select-none rounded-full align-middle bg-elevated size-9 text-lg"><img role="img" src="https://github.com/benjamincanac.png" width="36" height="36" class="h-full w-full rounded-[inherit] object-cover"></span>"`;

exports[`Avatar > renders with size md correctly 1`] = `"<span class="inline-flex items-center justify-center shrink-0 select-none rounded-full align-middle bg-elevated size-8 text-base"><img role="img" src="https://github.com/benjamincanac.png" width="32" height="32" class="h-full w-full rounded-[inherit] object-cover"></span>"`;

exports[`Avatar > renders with size sm correctly 1`] = `"<span class="inline-flex items-center justify-center shrink-0 select-none rounded-full align-middle bg-elevated size-7 text-sm"><img role="img" src="https://github.com/benjamincanac.png" width="28" height="28" class="h-full w-full rounded-[inherit] object-cover"></span>"`;

exports[`Avatar > renders with size xl correctly 1`] = `"<span class="inline-flex items-center justify-center shrink-0 select-none rounded-full align-middle bg-elevated size-10 text-xl"><img role="img" src="https://github.com/benjamincanac.png" width="40" height="40" class="h-full w-full rounded-[inherit] object-cover"></span>"`;

exports[`Avatar > renders with size xs correctly 1`] = `"<span class="inline-flex items-center justify-center shrink-0 select-none rounded-full align-middle bg-elevated size-6 text-xs"><img role="img" src="https://github.com/benjamincanac.png" width="24" height="24" class="h-full w-full rounded-[inherit] object-cover"></span>"`;

exports[`Avatar > renders with src correctly 1`] = `"<span class="inline-flex items-center justify-center shrink-0 select-none rounded-full align-middle bg-elevated size-8 text-base"><img role="img" src="https://github.com/benjamincanac.png" width="32" height="32" class="h-full w-full rounded-[inherit] object-cover"></span>"`;

exports[`Avatar > renders with text correctly 1`] = `"<span class="inline-flex items-center justify-center shrink-0 select-none rounded-full align-middle bg-elevated size-8 text-base"><span class="font-medium leading-none text-muted truncate">+1</span></span>"`;

exports[`Avatar > renders with ui correctly 1`] = `"<span class="inline-flex items-center justify-center shrink-0 select-none rounded-full align-middle bg-elevated size-8 text-base"><span class="leading-none text-muted truncate font-bold">&nbsp;</span></span>"`;
